// Vitest Snapshot v1

exports[`storyItem matches snapshot 1`] = `
{
  "asFragment": [Function],
  "baseElement": <body>
    <div>
      <li
        class="group relative mb-6 px-8 py-4
        bg-lime-300 border-4 border-black scale-110 rotate-3
        hover:rotate-0 hover:z-10 transition-all"
      >
        <div
          class="absolute hidden group-hover:block bg-black text-white top-12 -left-12 p-2 font-bold"
        >
          ⇧ 
          200
        </div>
        <a
          href="http://google.com/q?=0"
          target="_blank"
        >
          <div
            class="text-xl font-bold"
          >
            This is a story title
          </div>
          <div
            class="text-m"
          >
            3 days ago
          </div>
        </a>
        <a
          class="absolute hidden group-hover:block bg-black text-white -bottom-6 -right-2 px-4 py-1 hover:underline"
          href="https://news.ycombinator.com/item?id=0"
          target="_blank"
        >
          20
           
          comments
        </a>
      </li>
    </div>
  </body>,
  "container": <div>
    <li
      class="group relative mb-6 px-8 py-4
        bg-lime-300 border-4 border-black scale-110 rotate-3
        hover:rotate-0 hover:z-10 transition-all"
    >
      <div
        class="absolute hidden group-hover:block bg-black text-white top-12 -left-12 p-2 font-bold"
      >
        ⇧ 
        200
      </div>
      <a
        href="http://google.com/q?=0"
        target="_blank"
      >
        <div
          class="text-xl font-bold"
        >
          This is a story title
        </div>
        <div
          class="text-m"
        >
          3 days ago
        </div>
      </a>
      <a
        class="absolute hidden group-hover:block bg-black text-white -bottom-6 -right-2 px-4 py-1 hover:underline"
        href="https://news.ycombinator.com/item?id=0"
        target="_blank"
      >
        20
         
        comments
      </a>
    </li>
  </div>,
  "debug": [Function],
  "findAllByAltText": [Function],
  "findAllByDisplayValue": [Function],
  "findAllByLabelText": [Function],
  "findAllByPlaceholderText": [Function],
  "findAllByRole": [Function],
  "findAllByTestId": [Function],
  "findAllByText": [Function],
  "findAllByTitle": [Function],
  "findByAltText": [Function],
  "findByDisplayValue": [Function],
  "findByLabelText": [Function],
  "findByPlaceholderText": [Function],
  "findByRole": [Function],
  "findByTestId": [Function],
  "findByText": [Function],
  "findByTitle": [Function],
  "getAllByAltText": [Function],
  "getAllByDisplayValue": [Function],
  "getAllByLabelText": [Function],
  "getAllByPlaceholderText": [Function],
  "getAllByRole": [Function],
  "getAllByTestId": [Function],
  "getAllByText": [Function],
  "getAllByTitle": [Function],
  "getByAltText": [Function],
  "getByDisplayValue": [Function],
  "getByLabelText": [Function],
  "getByPlaceholderText": [Function],
  "getByRole": [Function],
  "getByTestId": [Function],
  "getByText": [Function],
  "getByTitle": [Function],
  "queryAllByAltText": [Function],
  "queryAllByDisplayValue": [Function],
  "queryAllByLabelText": [Function],
  "queryAllByPlaceholderText": [Function],
  "queryAllByRole": [Function],
  "queryAllByTestId": [Function],
  "queryAllByText": [Function],
  "queryAllByTitle": [Function],
  "queryByAltText": [Function],
  "queryByDisplayValue": [Function],
  "queryByLabelText": [Function],
  "queryByPlaceholderText": [Function],
  "queryByRole": [Function],
  "queryByTestId": [Function],
  "queryByText": [Function],
  "queryByTitle": [Function],
  "rerender": [Function],
  "unmount": [Function],
}
`;
